Input #0, image2, from 'C:\NPD-Video-Factory\phase10-uat\assets\71165651cba34f849e079323fe88d4a3.jpg':
  Duration: 00:00:00.03, start: 0.000000, bitrate: 38437 kb/s
  Stream #0:0: Video: mjpeg (Baseline), yuvj420p(pc, bt470bg/unknown/unknown), 1080x1920 [SAR 1:1 DAR 9:16], 30 fps, 30 tbr, 30 tbn
Input #1, png_pipe, from 'scene-00.png':
  Duration: N/A, bitrate: N/A
  Stream #1:0: Video: png, rgba(pc, gbr/unknown/unknown), 1080x1920, 30 fps, 30 tbr, 30 tbn
Input #2, lavfi, from 'color=c=0x15352c:s=1080x1920:r=30':
  Duration: N/A, start: 0.000000, bitrate: N/A
  Stream #2:0: Video: wrapped_avframe, yuv420p, 1080x1920 [SAR 1:1 DAR 9:16], 30 fps, 30 tbr, 30 tbn
Stream mapping:
  Stream #0:0 (mjpeg) -> fps:default
  Stream #1:0 (png) -> overlay
  Stream #2:0 (wrapped_avframe) -> overlay
  format:default -> Stream #0:0 (libx264)
[swscaler @ 000001935d7b7f80] deprecated pixel format used, make sure you did set range correctly
[libx264 @ 000001935b1f8a80] using SAR=1/1
[libx264 @ 000001935b1f8a80] using cpu capabilities: MMX2 SSE2Fast SSSE3 SSE4.2 AVX FMA3 BMI2 AVX2
[libx264 @ 000001935b1f8a80] profile High, level 4.0, 4:2:0, 8-bit
[libx264 @ 000001935b1f8a80] 264 - core 165 r3223 0480cb0 - H.264/MPEG-4 AVC codec - Copyleft 2003-2025 - http://www.videolan.org/x264.html - options: cabac=1 ref=1 deblock=1:0:0 analyse=0x3:0x113 me=hex subme=2 psy=1 psy_rd=1.00:0.00 mixed_ref=0 me_range=16 chroma_me=1 trellis=0 8x8dct=1 cqm=0 deadzone=21,11 fast_pskip=1 chroma_qp_offset=0 threads=18 lookahead_threads=6 sliced_threads=0 nr=0 decimate=1 interlaced=0 bluray_compat=0 constrained_intra=0 bframes=3 b_pyramid=2 b_adapt=1 b_bias=0 direct=1 weightb=1 open_gop=0 weightp=1 keyint=250 keyint_min=25 scenecut=40 intra_refresh=0 rc_lookahead=10 rc=crf mbtree=1 crf=20.0 qcomp=0.60 qpmin=0 qpmax=69 qpstep=4 ip_ratio=1.40 aq=1:1.00
Output #0, mp4, to 'scene-00.mp4':
  Metadata:
    encoder         : Lavf63.1.102
  Stream #0:0: Video: h264 (avc1 / 0x31637661), yuv420p(tv, progressive), 1080x1920 [SAR 1:1 DAR 9:16], q=2-31, 30 fps, 15360 tbn
    Metadata:
      encoder         : Lavc63.1.102 libx264
    Side data:
      CPB properties: bitrate max/min/avg: 0/0/0 buffer size: 0 vbv_delay: N/A
frame=   15 fps=0.0 q=26.0 size=       0KiB time=00:00:00.43 bitrate=   0.9kbits/s speed=0.861x elapsed=0:00:00.50    frame=   71 fps= 70 q=26.0 size=       0KiB time=00:00:02.30 bitrate=   0.2kbits/s speed=2.25x elapsed=0:00:01.02    [out#0/mp4 @ 0000019358082180] video:45KiB audio:0KiB subtitle:0KiB other streams:0KiB global headers:0KiB muxing overhead: 5.457288%
frame=  135 fps=101 q=-1.0 Lsize=      47KiB time=00:00:04.43 bitrate=  87.0kbits/s speed=3.32x elapsed=0:00:01.33    
[libx264 @ 000001935b1f8a80] frame I:1     Avg QP: 9.43  size: 34379
[libx264 @ 000001935b1f8a80] frame P:34    Avg QP:23.81  size:   102
[libx264 @ 000001935b1f8a80] frame B:100   Avg QP:16.24  size:    72
[libx264 @ 000001935b1f8a80] consecutive B-frames:  0.7%  1.5%  0.0% 97.8%
[libx264 @ 000001935b1f8a80] mb I  I16..4: 91.4%  1.9%  6.7%
[libx264 @ 000001935b1f8a80] mb P  I16..4:  0.0%  0.0%  0.0%  P16..4:  0.0%  0.0%  0.0%  0.0%  0.0%    skip:99.9%
[libx264 @ 000001935b1f8a80] mb B  I16..4:  0.0%  0.0%  0.0%  B16..8:  0.0%  0.0%  0.0%  direct: 0.0%  skip:100.0%  L0:39.5% L1:60.5% BI: 0.0%
[libx264 @ 000001935b1f8a80] 8x8 transform intra:1.9% inter:2.7%
[libx264 @ 000001935b1f8a80] coded y,uvDC,uvAC intra: 6.5% 5.7% 5.0% inter: 0.0% 0.0% 0.0%
[libx264 @ 000001935b1f8a80] i16 v,h,dc,p: 86% 13%  1%  0%
[libx264 @ 000001935b1f8a80] i8 v,h,dc,ddl,ddr,vr,hd,vl,hu: 72% 12% 15%  0%  0%  0%  0%  0%  0%
[libx264 @ 000001935b1f8a80] i4 v,h,dc,ddl,ddr,vr,hd,vl,hu: 36% 19% 22%  3%  4%  5%  4%  4%  4%
[libx264 @ 000001935b1f8a80] i8c dc,h,v,p: 87% 10%  3%  0%
[libx264 @ 000001935b1f8a80] Weighted P-Frames: Y:0.0% UV:0.0%
[libx264 @ 000001935b1f8a80] kb/s:80.09
