[Parsed_ass_1 @ 0000019028912fc0] libass API version: 0x1705000
[Parsed_ass_1 @ 0000019028912fc0] libass source: commit: 0.17.5-8-gb2fe9d8770678a7b5271387d38c20657ebf3429a
[Parsed_ass_1 @ 0000019028912fc0] Shaper: FriBidi 1.0.16 (SIMPLE) HarfBuzz-ng 14.4.0 (COMPLEX)
[Parsed_ass_1 @ 0000019028912fc0] Using font provider directwrite (with GDI)
[Parsed_ass_1 @ 0000019028912fc0] Added subtitle file: 'subtitles.ass' (2 styles, 7 events)
[mov,mp4,m4a,3gp,3g2,mj2 @ 000001902ac60640] Auto-inserting h264_mp4toannexb bitstream filter
Input #0, concat, from 'frames.txt':
  Duration: N/A, start: 0.000000, bitrate: 78 kb/s
  Stream #0:0(und): Video: h264 (High) (avc1 / 0x31637661), yuv420p(progressive), 1080x1920 [SAR 1:1 DAR 9:16], 78 kb/s, 30 fps, 30 tbr, 15360 tbn
    Metadata:
      handler_name    : VideoHandler
      encoder         : Lavc63.1.102 libx264
[aist#1:0/pcm_s16le @ 000001902895ad00] Guessed Channel Layout: mono
Input #1, wav, from 'render-voice.wav':
  Duration: 00:00:22.63, bitrate: 768 kb/s
  Stream #1:0: Audio: pcm_s16le ([1][0][0][0] / 0x0001), 48000 Hz, mono, s16, 768 kb/s
Stream mapping:
  Stream #0:0 (h264) -> fps:default
  Stream #1:0 (pcm_s16le) -> volume:default
  format:default -> Stream #0:0 (libx264)
  atrim:default -> Stream #0:1 (aac)
[Parsed_ass_1 @ 000001902891a980] libass API version: 0x1705000
[Parsed_ass_1 @ 000001902891a980] libass source: commit: 0.17.5-8-gb2fe9d8770678a7b5271387d38c20657ebf3429a
[Parsed_ass_1 @ 000001902891a980] Shaper: FriBidi 1.0.16 (SIMPLE) HarfBuzz-ng 14.4.0 (COMPLEX)
[Parsed_ass_1 @ 000001902891a980] Using font provider directwrite (with GDI)
[Parsed_ass_1 @ 000001902891a980] Added subtitle file: 'subtitles.ass' (2 styles, 7 events)
[libx264 @ 000001902893e100] using SAR=1/1
[libx264 @ 000001902893e100] using cpu capabilities: MMX2 SSE2Fast SSSE3 SSE4.2 AVX FMA3 BMI2 AVX2
[libx264 @ 000001902893e100] profile High, level 4.0, 4:2:0, 8-bit
[libx264 @ 000001902893e100] 264 - core 165 r3223 0480cb0 - H.264/MPEG-4 AVC codec - Copyleft 2003-2025 - http://www.videolan.org/x264.html - options: cabac=1 ref=1 deblock=1:0:0 analyse=0x3:0x113 me=hex subme=2 psy=1 psy_rd=1.00:0.00 mixed_ref=0 me_range=16 chroma_me=1 trellis=0 8x8dct=1 cqm=0 deadzone=21,11 fast_pskip=1 chroma_qp_offset=0 threads=18 lookahead_threads=6 sliced_threads=0 nr=0 decimate=1 interlaced=0 bluray_compat=0 constrained_intra=0 bframes=3 b_pyramid=2 b_adapt=1 b_bias=0 direct=1 weightb=1 open_gop=0 weightp=1 keyint=250 keyint_min=25 scenecut=40 intra_refresh=0 rc_lookahead=10 rc=crf mbtree=1 crf=20.0 qcomp=0.60 qpmin=0 qpmax=69 qpstep=4 ip_ratio=1.40 aq=1:1.00
Output #0, mp4, to 'final.mp4':
  Metadata:
    encoder         : Lavf63.1.102
  Stream #0:0: Video: h264 (avc1 / 0x31637661), yuv420p(tv, progressive), 1080x1920 [SAR 1:1 DAR 9:16], q=2-31, 30 fps, 15360 tbn
    Metadata:
      encoder         : Lavc63.1.102 libx264
    Side data:
      CPB properties: bitrate max/min/avg: 0/0/0 buffer size: 0 vbv_delay: N/A
  Stream #0:1: Audio: aac (LC) (mp4a / 0x6134706D), 48000 Hz, mono, fltp, 192 kb/s
    Metadata:
      encoder         : Lavc63.1.102 aac
[Parsed_ass_1 @ 000001902891a980] fontselect: (Segoe UI, 400, 0) -> SegoeUI, 0, SegoeUI
frame=   53 fps=0.0 q=26.0 size=       0KiB time=00:00:02.94 bitrate=   0.1kbits/s speed=5.73x elapsed=0:00:00.51    [mov,mp4,m4a,3gp,3g2,mj2 @ 000001904bd31900] Auto-inserting h264_mp4toannexb bitstream filter
frame=  154 fps=147 q=26.0 size=       0KiB time=00:00:06.35 bitrate=   0.1kbits/s speed=6.06x elapsed=0:00:01.04    frame=  256 fps=164 q=26.0 size=     256KiB time=00:00:09.77 bitrate= 214.7kbits/s speed=6.24x elapsed=0:00:01.56    [mov,mp4,m4a,3gp,3g2,mj2 @ 000001904bd31900] Auto-inserting h264_mp4toannexb bitstream filter
frame=  357 fps=171 q=26.0 size=     256KiB time=00:00:13.18 bitrate= 159.1kbits/s speed=6.33x elapsed=0:00:02.08    [mov,mp4,m4a,3gp,3g2,mj2 @ 000001904bd31900] Auto-inserting h264_mp4toannexb bitstream filter
frame=  457 fps=176 q=26.0 size=     256KiB time=00:00:16.59 bitrate= 126.4kbits/s speed=6.39x elapsed=0:00:02.59    [mov,mp4,m4a,3gp,3g2,mj2 @ 000001904bd31900] Auto-inserting h264_mp4toannexb bitstream filter
frame=  565 fps=181 q=26.0 size=     512KiB time=00:00:19.92 bitrate= 210.5kbits/s speed= 6.4x elapsed=0:00:03.11    [mp4 @ 000001902ae64040] Starting second pass: moving the moov atom to the beginning of the file
[out#0/mp4 @ 000001902893a140] video:279KiB audio:402KiB subtitle:0KiB other streams:0KiB global headers:0KiB muxing overhead: 3.777724%
frame=  679 fps=192 q=-1.0 Lsize=     707KiB time=00:00:22.62 bitrate= 256.1kbits/s speed= 6.4x elapsed=0:00:03.53    
[libx264 @ 000001902893e100] frame I:3     Avg QP: 7.44  size: 41008
[libx264 @ 000001902893e100] frame P:171   Avg QP:11.73  size:   736
[libx264 @ 000001902893e100] frame B:505   Avg QP:11.13  size:    72
[libx264 @ 000001902893e100] consecutive B-frames:  0.7%  0.3%  0.0% 99.0%
[libx264 @ 000001902893e100] mb I  I16..4: 90.9%  1.3%  7.8%
[libx264 @ 000001902893e100] mb P  I16..4:  0.2%  0.0%  0.1%  P16..4:  0.1%  0.0%  0.0%  0.0%  0.0%    skip:99.5%
[libx264 @ 000001902893e100] mb B  I16..4:  0.0%  0.0%  0.0%  B16..8:  0.1%  0.0%  0.0%  direct: 0.0%  skip:99.9%  L0:58.2% L1:41.8% BI: 0.0%
[libx264 @ 000001902893e100] 8x8 transform intra:1.7% inter:2.8%
[libx264 @ 000001902893e100] coded y,uvDC,uvAC intra: 10.3% 10.8% 9.6% inter: 0.0% 0.0% 0.0%
[libx264 @ 000001902893e100] i16 v,h,dc,p: 82% 17%  1%  0%
[libx264 @ 000001902893e100] i8 v,h,dc,ddl,ddr,vr,hd,vl,hu: 35% 44% 18%  1%  0%  0%  0%  0%  2%
[libx264 @ 000001902893e100] i4 v,h,dc,ddl,ddr,vr,hd,vl,hu: 37% 18% 21%  3%  4%  5%  4%  4%  4%
[libx264 @ 000001902893e100] i8c dc,h,v,p: 82% 12%  6%  1%
[libx264 @ 000001902893e100] Weighted P-Frames: Y:0.0% UV:0.0%
[libx264 @ 000001902893e100] kb/s:100.84
[aac @ 000001902893c040] Qavg: 63996.566
