[Parsed_ass_1 @ 000001ba2fde3bc0] libass API version: 0x1705000
[Parsed_ass_1 @ 000001ba2fde3bc0] libass source: commit: 0.17.5-8-gb2fe9d8770678a7b5271387d38c20657ebf3429a
[Parsed_ass_1 @ 000001ba2fde3bc0] Shaper: FriBidi 1.0.16 (SIMPLE) HarfBuzz-ng 14.4.0 (COMPLEX)
[Parsed_ass_1 @ 000001ba2fde3bc0] Using font provider directwrite (with GDI)
[Parsed_ass_1 @ 000001ba2fde3bc0] Added subtitle file: 'subtitles.ass' (2 styles, 9 events)
[mov,mp4,m4a,3gp,3g2,mj2 @ 000001ba2fded180] Auto-inserting h264_mp4toannexb bitstream filter
Input #0, concat, from 'frames.txt':
  Duration: N/A, start: 0.000000, bitrate: 86 kb/s
  Stream #0:0(und): Video: h264 (High) (avc1 / 0x31637661), yuv420p(progressive), 1080x1920 [SAR 1:1 DAR 9:16], 86 kb/s, 30 fps, 30 tbr, 15360 tbn
    Metadata:
      handler_name    : VideoHandler
      encoder         : Lavc63.1.102 libx264
[aist#1:0/pcm_s16le @ 000001ba31f48500] Guessed Channel Layout: mono
Input #1, wav, from 'render-voice.wav':
  Duration: 00:00:45.00, bitrate: 768 kb/s
  Stream #1:0: Audio: pcm_s16le ([1][0][0][0] / 0x0001), 48000 Hz, mono, s16, 768 kb/s
Stream mapping:
  Stream #0:0 (h264) -> fps:default
  Stream #1:0 (pcm_s16le) -> volume:default
  format:default -> Stream #0:0 (libx264)
  atrim:default -> Stream #0:1 (aac)
[Parsed_ass_1 @ 000001ba2fdec000] libass API version: 0x1705000
[Parsed_ass_1 @ 000001ba2fdec000] libass source: commit: 0.17.5-8-gb2fe9d8770678a7b5271387d38c20657ebf3429a
[Parsed_ass_1 @ 000001ba2fdec000] Shaper: FriBidi 1.0.16 (SIMPLE) HarfBuzz-ng 14.4.0 (COMPLEX)
[Parsed_ass_1 @ 000001ba2fdec000] Using font provider directwrite (with GDI)
[Parsed_ass_1 @ 000001ba2fdec000] Added subtitle file: 'subtitles.ass' (2 styles, 9 events)
[libx264 @ 000001ba2fe24440] using SAR=1/1
[libx264 @ 000001ba2fe24440] using cpu capabilities: MMX2 SSE2Fast SSSE3 SSE4.2 AVX FMA3 BMI2 AVX2
[libx264 @ 000001ba2fe24440] profile High, level 4.0, 4:2:0, 8-bit
[libx264 @ 000001ba2fe24440] 264 - core 165 r3223 0480cb0 - H.264/MPEG-4 AVC codec - Copyleft 2003-2025 - http://www.videolan.org/x264.html - options: cabac=1 ref=1 deblock=1:0:0 analyse=0x3:0x113 me=hex subme=2 psy=1 psy_rd=1.00:0.00 mixed_ref=0 me_range=16 chroma_me=1 trellis=0 8x8dct=1 cqm=0 deadzone=21,11 fast_pskip=1 chroma_qp_offset=0 threads=18 lookahead_threads=6 sliced_threads=0 nr=0 decimate=1 interlaced=0 bluray_compat=0 constrained_intra=0 bframes=3 b_pyramid=2 b_adapt=1 b_bias=0 direct=1 weightb=1 open_gop=0 weightp=1 keyint=250 keyint_min=25 scenecut=40 intra_refresh=0 rc_lookahead=10 rc=crf mbtree=1 crf=20.0 qcomp=0.60 qpmin=0 qpmax=69 qpstep=4 ip_ratio=1.40 aq=1:1.00
Output #0, mp4, to 'final.mp4':
  Metadata:
    encoder         : Lavf63.1.102
  Stream #0:0: Video: h264 (avc1 / 0x31637661), yuv420p(tv, progressive), 1080x1920 [SAR 1:1 DAR 9:16], q=2-31, 30 fps, 15360 tbn
    Metadata:
      encoder         : Lavc63.1.102 libx264
    Side data:
      CPB properties: bitrate max/min/avg: 0/0/0 buffer size: 0 vbv_delay: N/A
  Stream #0:1: Audio: aac (LC) (mp4a / 0x6134706D), 48000 Hz, mono, fltp, 192 kb/s
    Metadata:
      encoder         : Lavc63.1.102 aac
[Parsed_ass_1 @ 000001ba2fdec000] fontselect: (Segoe UI, 400, 0) -> SegoeUI, 0, SegoeUI
frame=   79 fps=0.0 q=26.0 size=       0KiB time=00:00:03.69 bitrate=   0.1kbits/s speed=7.13x elapsed=0:00:00.51    frame=  200 fps=194 q=26.0 size=       0KiB time=00:00:07.89 bitrate=   0.0kbits/s speed=7.64x elapsed=0:00:01.03    [mov,mp4,m4a,3gp,3g2,mj2 @ 000001ba2fded180] Auto-inserting h264_mp4toannexb bitstream filter
frame=  315 fps=203 q=26.0 size=       0KiB time=00:00:11.64 bitrate=   0.0kbits/s speed=7.51x elapsed=0:00:01.55    [mov,mp4,m4a,3gp,3g2,mj2 @ 000001ba2fded180] Auto-inserting h264_mp4toannexb bitstream filter
frame=  423 fps=205 q=26.0 size=     256KiB time=00:00:15.40 bitrate= 136.2kbits/s speed=7.45x elapsed=0:00:02.06    [mov,mp4,m4a,3gp,3g2,mj2 @ 000001ba2fded180] Auto-inserting h264_mp4toannexb bitstream filter
frame=  536 fps=207 q=26.0 size=     256KiB time=00:00:19.15 bitrate= 109.5kbits/s speed=7.42x elapsed=0:00:02.58    [mov,mp4,m4a,3gp,3g2,mj2 @ 000001ba2fded180] Auto-inserting h264_mp4toannexb bitstream filter
frame=  656 fps=212 q=26.0 size=     512KiB time=00:00:22.99 bitrate= 182.4kbits/s speed=7.42x elapsed=0:00:03.10    frame=  768 fps=212 q=26.0 size=     512KiB time=00:00:26.83 bitrate= 156.3kbits/s speed=7.42x elapsed=0:00:03.61    frame=  891 fps=216 q=26.0 size=     768KiB time=00:00:31.01 bitrate= 202.8kbits/s speed= 7.5x elapsed=0:00:04.13    frame= 1014 fps=218 q=26.0 size=     768KiB time=00:00:35.28 bitrate= 178.3kbits/s speed=7.59x elapsed=0:00:04.65    frame= 1126 fps=218 q=26.0 size=     768KiB time=00:00:38.61 bitrate= 162.9kbits/s speed=7.48x elapsed=0:00:05.16    frame= 1242 fps=218 q=26.0 size=     768KiB time=00:00:42.70 bitrate= 147.3kbits/s speed=7.51x elapsed=0:00:05.68    [mp4 @ 000001ba31f2ef80] Starting second pass: moving the moov atom to the beginning of the file
[out#0/mp4 @ 000001ba2fe07400] video:455KiB audio:434KiB subtitle:0KiB other streams:0KiB global headers:0KiB muxing overhead: 5.602261%
frame= 1350 fps=224 q=-1.0 Lsize=     939KiB time=00:00:45.00 bitrate= 170.9kbits/s speed=7.48x elapsed=0:00:06.01    
[libx264 @ 000001ba2fe24440] frame I:6     Avg QP: 6.87  size: 42322
[libx264 @ 000001ba2fe24440] frame P:340   Avg QP:10.49  size:   410
[libx264 @ 000001ba2fe24440] frame B:1004  Avg QP:11.16  size:    71
[libx264 @ 000001ba2fe24440] consecutive B-frames:  0.8%  0.0%  0.2% 99.0%
[libx264 @ 000001ba2fe24440] mb I  I16..4: 91.5%  0.9%  7.6%
[libx264 @ 000001ba2fe24440] mb P  I16..4:  0.1%  0.0%  0.0%  P16..4:  0.1%  0.0%  0.0%  0.0%  0.0%    skip:99.8%
[libx264 @ 000001ba2fe24440] mb B  I16..4:  0.0%  0.0%  0.0%  B16..8:  0.0%  0.0%  0.0%  direct: 0.0%  skip:100.0%  L0:56.9% L1:43.0% BI: 0.0%
[libx264 @ 000001ba2fe24440] 8x8 transform intra:0.9% inter:2.9%
[libx264 @ 000001ba2fe24440] coded y,uvDC,uvAC intra: 9.5% 9.6% 8.6% inter: 0.0% 0.0% 0.0%
[libx264 @ 000001ba2fe24440] i16 v,h,dc,p: 85% 14%  1%  0%
[libx264 @ 000001ba2fe24440] i8 v,h,dc,ddl,ddr,vr,hd,vl,hu: 33% 37% 27%  1%  0%  0%  0%  0%  1%
[libx264 @ 000001ba2fe24440] i4 v,h,dc,ddl,ddr,vr,hd,vl,hu: 36% 19% 22%  3%  4%  5%  4%  4%  4%
[libx264 @ 000001ba2fe24440] i8c dc,h,v,p: 85% 10%  4%  1%
[libx264 @ 000001ba2fe24440] Weighted P-Frames: Y:0.0% UV:0.0%
[libx264 @ 000001ba2fe24440] kb/s:82.68
[aac @ 000001ba31f26b00] Qavg: 63780.266
