Python unit and contract tests	Run python -m pytest apps/api/tests services/worker/tests services/comfyui-bridge/tests -q	2026-09-14T17:34:58.0139977Z 1048 passed in 55.33s
Python unit and contract tests	Alembic upgrade, downgrade and replay	2026-09-14T17:35:01.5894548Z INFO  [alembic.runtime.migration] Running upgrade  -> 0001_v2_02, create durable project platform
Python unit and contract tests	Alembic upgrade, downgrade and replay	2026-09-14T17:35:01.6300584Z INFO  [alembic.runtime.migration] Running upgrade 0001_v2_02 -> 0002_v2_03, add trend radar and idea intelligence
Python unit and contract tests	Alembic upgrade, downgrade and replay	2026-09-14T17:35:01.6761712Z INFO  [alembic.runtime.migration] Running upgrade 0002_v2_03 -> 0003_v2_04, add upload and auto edit analysis
Python unit and contract tests	Alembic upgrade, downgrade and replay	2026-09-14T17:35:01.6977169Z INFO  [alembic.runtime.migration] Running upgrade 0003_v2_04 -> 0004_v2_05, add vision analysis and smart reframe
Python unit and contract tests	Alembic upgrade, downgrade and replay	2026-09-14T17:35:01.7118973Z INFO  [alembic.runtime.migration] Running upgrade 0004_v2_05 -> 0005_v2_06, add media intelligence, rights provenance and asynchronous resolution
Python unit and contract tests	Alembic upgrade, downgrade and replay	2026-09-14T17:35:01.7312940Z INFO  [alembic.runtime.migration] Running upgrade 0005_v2_06 -> 0006_v2_07, add versioned timelines and proxy previews
Python unit and contract tests	Alembic upgrade, downgrade and replay	2026-09-14T17:35:01.7464764Z INFO  [alembic.runtime.migration] Running upgrade 0006_v2_07 -> 0007_v2_08, add version-bound audio subtitle render approval and QC records
Python unit and contract tests	Alembic upgrade, downgrade and replay	2026-09-14T17:35:01.7753134Z INFO  [alembic.runtime.migration] Running upgrade 0007_v2_08 -> 0008_v2_09, add fail-closed idempotent publishing dry-run records
Python unit and contract tests	Alembic upgrade, downgrade and replay	2026-09-14T17:35:01.7867015Z INFO  [alembic.runtime.migration] Running upgrade 0008_v2_09 -> 0009_v2_10, add analytics snapshots winner assessments and learning feedback
Python unit and contract tests	Alembic upgrade, downgrade and replay	2026-09-14T17:35:01.8160594Z INFO  [alembic.runtime.migration] Running upgrade 0009_v2_10 -> 0010_v2_11, add Agent Hub bridge requests events and webhook deliveries
Python unit and contract tests	Alembic upgrade, downgrade and replay	2026-09-14T17:35:01.8290647Z INFO  [alembic.runtime.migration] Running upgrade 0010_v2_11 -> 0011_v3_01_03, add media quarantine evidence and durable provider safety state
Python unit and contract tests	Alembic upgrade, downgrade and replay	2026-09-14T17:35:01.8615285Z INFO  [alembic.runtime.migration] Running upgrade 0011_v3_01_03 -> 0012_v3_01_11, add secret-free provider error evidence to durable attempts
Python unit and contract tests	Alembic upgrade, downgrade and replay	2026-09-14T17:35:01.8651892Z INFO  [alembic.runtime.migration] Running upgrade 0012_v3_01_11 -> 0013_v3_01_18, allow provider-native null transcript confidence
Python unit and contract tests	Alembic upgrade, downgrade and replay	2026-09-14T17:35:02.0279128Z INFO  [alembic.runtime.migration] Running upgrade 0013_v3_01_18 -> 0014_v3_01_27, bind provider safety ledger rows to an acceptance lineage
Python unit and contract tests	Alembic upgrade, downgrade and replay	2026-09-14T17:35:02.7212900Z INFO  [alembic.runtime.migration] Running downgrade 0014_v3_01_27 -> 0013_v3_01_18, bind provider safety ledger rows to an acceptance lineage
Python unit and contract tests	Alembic upgrade, downgrade and replay	2026-09-14T17:35:02.7663336Z INFO  [alembic.runtime.migration] Running downgrade 0013_v3_01_18 -> 0012_v3_01_11, allow provider-native null transcript confidence
Python unit and contract tests	Alembic upgrade, downgrade and replay	2026-09-14T17:35:02.9006432Z INFO  [alembic.runtime.migration] Running downgrade 0012_v3_01_11 -> 0011_v3_01_03, add secret-free provider error evidence to durable attempts
Python unit and contract tests	Alembic upgrade, downgrade and replay	2026-09-14T17:35:02.9079831Z INFO  [alembic.runtime.migration] Running downgrade 0011_v3_01_03 -> 0010_v2_11, add media quarantine evidence and durable provider safety state
Python unit and contract tests	Alembic upgrade, downgrade and replay	2026-09-14T17:35:02.9698340Z INFO  [alembic.runtime.migration] Running downgrade 0010_v2_11 -> 0009_v2_10, add Agent Hub bridge requests events and webhook deliveries
Python unit and contract tests	Alembic upgrade, downgrade and replay	2026-09-14T17:35:02.9779448Z INFO  [alembic.runtime.migration] Running downgrade 0009_v2_10 -> 0008_v2_09, add analytics snapshots winner assessments and learning feedback
Python unit and contract tests	Alembic upgrade, downgrade and replay	2026-09-14T17:35:02.9935439Z INFO  [alembic.runtime.migration] Running downgrade 0008_v2_09 -> 0007_v2_08, add fail-closed idempotent publishing dry-run records
Python unit and contract tests	Alembic upgrade, downgrade and replay	2026-09-14T17:35:03.0004977Z INFO  [alembic.runtime.migration] Running downgrade 0007_v2_08 -> 0006_v2_07, add version-bound audio subtitle render approval and QC records
Python unit and contract tests	Alembic upgrade, downgrade and replay	2026-09-14T17:35:03.0169978Z INFO  [alembic.runtime.migration] Running downgrade 0006_v2_07 -> 0005_v2_06, add versioned timelines and proxy previews
Python unit and contract tests	Alembic upgrade, downgrade and replay	2026-09-14T17:35:03.0259410Z INFO  [alembic.runtime.migration] Running downgrade 0005_v2_06 -> 0004_v2_05, add media intelligence, rights provenance and asynchronous resolution
Python unit and contract tests	Alembic upgrade, downgrade and replay	2026-09-14T17:35:03.0363452Z INFO  [alembic.runtime.migration] Running downgrade 0004_v2_05 -> 0003_v2_04, add vision analysis and smart reframe
Python unit and contract tests	Alembic upgrade, downgrade and replay	2026-09-14T17:35:03.0442857Z INFO  [alembic.runtime.migration] Running downgrade 0003_v2_04 -> 0002_v2_03, add upload and auto edit analysis
Python unit and contract tests	Alembic upgrade, downgrade and replay	2026-09-14T17:35:03.0562341Z INFO  [alembic.runtime.migration] Running downgrade 0002_v2_03 -> 0001_v2_02, add trend radar and idea intelligence
Python unit and contract tests	Alembic upgrade, downgrade and replay	2026-09-14T17:35:03.0825078Z INFO  [alembic.runtime.migration] Running downgrade 0001_v2_02 -> , create durable project platform
Python unit and contract tests	Alembic upgrade, downgrade and replay	2026-09-14T17:35:03.7847526Z INFO  [alembic.runtime.migration] Running upgrade  -> 0001_v2_02, create durable project platform
Python unit and contract tests	Alembic upgrade, downgrade and replay	2026-09-14T17:35:03.8237086Z INFO  [alembic.runtime.migration] Running upgrade 0001_v2_02 -> 0002_v2_03, add trend radar and idea intelligence
Python unit and contract tests	Alembic upgrade, downgrade and replay	2026-09-14T17:35:03.8659379Z INFO  [alembic.runtime.migration] Running upgrade 0002_v2_03 -> 0003_v2_04, add upload and auto edit analysis
Python unit and contract tests	Alembic upgrade, downgrade and replay	2026-09-14T17:35:03.8865527Z INFO  [alembic.runtime.migration] Running upgrade 0003_v2_04 -> 0004_v2_05, add vision analysis and smart reframe
Python unit and contract tests	Alembic upgrade, downgrade and replay	2026-09-14T17:35:03.8996746Z INFO  [alembic.runtime.migration] Running upgrade 0004_v2_05 -> 0005_v2_06, add media intelligence, rights provenance and asynchronous resolution
Python unit and contract tests	Alembic upgrade, downgrade and replay	2026-09-14T17:35:03.9176474Z INFO  [alembic.runtime.migration] Running upgrade 0005_v2_06 -> 0006_v2_07, add versioned timelines and proxy previews
Python unit and contract tests	Alembic upgrade, downgrade and replay	2026-09-14T17:35:03.9309373Z INFO  [alembic.runtime.migration] Running upgrade 0006_v2_07 -> 0007_v2_08, add version-bound audio subtitle render approval and QC records
Python unit and contract tests	Alembic upgrade, downgrade and replay	2026-09-14T17:35:03.9558566Z INFO  [alembic.runtime.migration] Running upgrade 0007_v2_08 -> 0008_v2_09, add fail-closed idempotent publishing dry-run records
Python unit and contract tests	Alembic upgrade, downgrade and replay	2026-09-14T17:35:03.9658291Z INFO  [alembic.runtime.migration] Running upgrade 0008_v2_09 -> 0009_v2_10, add analytics snapshots winner assessments and learning feedback
Python unit and contract tests	Alembic upgrade, downgrade and replay	2026-09-14T17:35:03.9919368Z INFO  [alembic.runtime.migration] Running upgrade 0009_v2_10 -> 0010_v2_11, add Agent Hub bridge requests events and webhook deliveries
Python unit and contract tests	Alembic upgrade, downgrade and replay	2026-09-14T17:35:04.0036978Z INFO  [alembic.runtime.migration] Running upgrade 0010_v2_11 -> 0011_v3_01_03, add media quarantine evidence and durable provider safety state
Python unit and contract tests	Alembic upgrade, downgrade and replay	2026-09-14T17:35:04.0334059Z INFO  [alembic.runtime.migration] Running upgrade 0011_v3_01_03 -> 0012_v3_01_11, add secret-free provider error evidence to durable attempts
Python unit and contract tests	Alembic upgrade, downgrade and replay	2026-09-14T17:35:04.0372844Z INFO  [alembic.runtime.migration] Running upgrade 0012_v3_01_11 -> 0013_v3_01_18, allow provider-native null transcript confidence
Python unit and contract tests	Alembic upgrade, downgrade and replay	2026-09-14T17:35:04.2011369Z INFO  [alembic.runtime.migration] Running upgrade 0013_v3_01_18 -> 0014_v3_01_27, bind provider safety ledger rows to an acceptance lineage
Studio tests	Run npm test	2026-09-14T17:33:48.4936618Z # tests 14
Studio tests	Run npm test	2026-09-14T17:33:48.4937231Z # pass 14
Studio tests	Run npm test	2026-09-14T17:33:48.4937531Z # fail 0
