Input #0, image2, from 'C:\NPD-Video-Factory\phase10-uat\assets\367ddbd7cf6e418c9b9932d3276c14fd.jpg':
  Duration: 00:00:00.03, start: 0.000000, bitrate: 34135 kb/s
  Stream #0:0: Video: mjpeg (Baseline), yuvj420p(pc, bt470bg/unknown/unknown), 1920x1080 [SAR 1:1 DAR 16:9], 30 fps, 30 tbr, 30 tbn
Input #1, png_pipe, from 'scene-01.png':
  Duration: N/A, bitrate: N/A
  Stream #1:0: Video: png, rgba(pc, gbr/unknown/unknown), 1920x1080, 30 fps, 30 tbr, 30 tbn
Input #2, lavfi, from 'color=c=0x15352c:s=1920x1080:r=30':
  Duration: N/A, start: 0.000000, bitrate: N/A
  Stream #2:0: Video: wrapped_avframe, yuv420p, 1920x1080 [SAR 1:1 DAR 16:9], 30 fps, 30 tbr, 30 tbn
Stream mapping:
  Stream #0:0 (mjpeg) -> fps:default
  Stream #1:0 (png) -> overlay
  Stream #2:0 (wrapped_avframe) -> overlay
  format:default -> Stream #0:0 (libx264)
[swscaler @ 000001e68f674740] deprecated pixel format used, make sure you did set range correctly
[libx264 @ 000001e68f320480] using SAR=1/1
[libx264 @ 000001e68f320480] using cpu capabilities: MMX2 SSE2Fast SSSE3 SSE4.2 AVX FMA3 BMI2 AVX2
[libx264 @ 000001e68f320480] profile High, level 4.0, 4:2:0, 8-bit
[libx264 @ 000001e68f320480] 264 - core 165 r3223 0480cb0 - H.264/MPEG-4 AVC codec - Copyleft 2003-2025 - http://www.videolan.org/x264.html - options: cabac=1 ref=1 deblock=1:0:0 analyse=0x3:0x113 me=hex subme=2 psy=1 psy_rd=1.00:0.00 mixed_ref=0 me_range=16 chroma_me=1 trellis=0 8x8dct=1 cqm=0 deadzone=21,11 fast_pskip=1 chroma_qp_offset=0 threads=18 lookahead_threads=6 sliced_threads=0 nr=0 decimate=1 interlaced=0 bluray_compat=0 constrained_intra=0 bframes=3 b_pyramid=2 b_adapt=1 b_bias=0 direct=1 weightb=1 open_gop=0 weightp=1 keyint=250 keyint_min=25 scenecut=40 intra_refresh=0 rc_lookahead=10 rc=crf mbtree=1 crf=20.0 qcomp=0.60 qpmin=0 qpmax=69 qpstep=4 ip_ratio=1.40 aq=1:1.00
Output #0, mp4, to 'scene-01.mp4':
  Metadata:
    encoder         : Lavf63.1.102
  Stream #0:0: Video: h264 (avc1 / 0x31637661), yuv420p(tv, progressive), 1920x1080 [SAR 1:1 DAR 16:9], q=2-31, 30 fps, 15360 tbn
    Metadata:
      encoder         : Lavc63.1.102 libx264
    Side data:
      CPB properties: bitrate max/min/avg: 0/0/0 buffer size: 0 vbv_delay: N/A
frame=   10 fps=0.0 q=26.0 size=       0KiB time=00:00:00.26 bitrate=   1.4kbits/s speed=0.516x elapsed=0:00:00.51    frame=   60 fps= 58 q=26.0 size=       0KiB time=00:00:01.93 bitrate=   0.2kbits/s speed=1.87x elapsed=0:00:01.03    [out#0/mp4 @ 000001e68e143b80] video:38KiB audio:0KiB subtitle:0KiB other streams:0KiB global headers:0KiB muxing overhead: 6.417279%
frame=  133 fps= 92 q=-1.0 Lsize=      40KiB time=00:00:04.36 bitrate=  75.1kbits/s speed=3.04x elapsed=0:00:01.43    
[libx264 @ 000001e68f320480] frame I:1     Avg QP: 9.56  size: 28331
[libx264 @ 000001e68f320480] frame P:33    Avg QP: 9.57  size:    81
[libx264 @ 000001e68f320480] frame B:99    Avg QP:10.67  size:    69
[libx264 @ 000001e68f320480] consecutive B-frames:  0.8%  0.0%  0.0% 99.2%
[libx264 @ 000001e68f320480] mb I  I16..4: 93.9%  0.2%  5.9%
[libx264 @ 000001e68f320480] mb P  I16..4:  0.0%  0.0%  0.0%  P16..4:  0.0%  0.0%  0.0%  0.0%  0.0%    skip:100.0%
[libx264 @ 000001e68f320480] mb B  I16..4:  0.0%  0.0%  0.0%  B16..8:  0.0%  0.0%  0.0%  direct: 0.0%  skip:100.0%  L0: 0.0% L1:100.0% BI: 0.0%
[libx264 @ 000001e68f320480] 8x8 transform intra:0.2% inter:0.0%
[libx264 @ 000001e68f320480] coded y,uvDC,uvAC intra: 4.6% 5.0% 4.4% inter: 0.0% 0.0% 0.0%
[libx264 @ 000001e68f320480] i16 v,h,dc,p: 86% 13%  2%  0%
[libx264 @ 000001e68f320480] i8 v,h,dc,ddl,ddr,vr,hd,vl,hu: 50% 22% 28%  0%  0%  0%  0%  0%  0%
[libx264 @ 000001e68f320480] i4 v,h,dc,ddl,ddr,vr,hd,vl,hu: 37% 20% 21%  4%  3%  4%  4%  4%  4%
[libx264 @ 000001e68f320480] i8c dc,h,v,p: 82% 16%  2%  0%
[libx264 @ 000001e68f320480] Weighted P-Frames: Y:0.0% UV:0.0%
[libx264 @ 000001e68f320480] kb/s:68.27
