Input #0, mov,mp4,m4a,3gp,3g2,mj2, from 'C:\NPD-Video-Factory\phase10-uat\jobs\bb9b5668627c4a8681e23549e92679da\attempts\render-000\final.mp4':
  Metadata:
    major_brand     : isom
    minor_version   : 512
    compatible_brands: isomiso2avc1mp41
    encoder         : Lavf63.1.102
  Duration: 00:00:20.61, start: 0.000000, bitrate: 256 kb/s
  Stream #0:0[0x1](und): Video: h264 (High) (avc1 / 0x31637661), yuv420p(progressive), 1080x1920 [SAR 1:1 DAR 9:16], 104 kb/s, 30 fps, 30 tbr, 15360 tbn (default)
    Metadata:
      handler_name    : VideoHandler
      encoder         : Lavc63.1.102 libx264
  Stream #0:1[0x2](und): Audio: aac (LC) (mp4a / 0x6134706D), 48000 Hz, mono, fltp, 143 kb/s (default)
    Metadata:
      handler_name    : SoundHandler
Stream mapping:
  Stream #0:0 -> #0:0 (h264 (native) -> wrapped_avframe (native))
Press [q] to stop, [?] for help
Output #0, null, to 'pipe:':
  Metadata:
    major_brand     : isom
    minor_version   : 512
    compatible_brands: isomiso2avc1mp41
    encoder         : Lavf63.1.102
  Stream #0:0(und): Video: wrapped_avframe, yuv420p(progressive), 1080x1920 [SAR 1:1 DAR 9:16], q=2-31, 200 kb/s, 30 fps, 30 tbn (default)
    Metadata:
      encoder         : Lavc63.1.102 wrapped_avframe
      handler_name    : VideoHandler
frame=  484 fps=0.0 q=-0.0 size=N/A time=00:00:16.10 bitrate=N/A speed=31.3x elapsed=0:00:00.51    [out#0/null @ 000001a342380640] video:256KiB audio:0KiB subtitle:0KiB other streams:0KiB global headers:0KiB muxing overhead: unknown
frame=  618 fps=0.0 q=-0.0 Lsize=N/A time=00:00:20.60 bitrate=N/A speed=31.4x elapsed=0:00:00.65    
