[Parsed_ass_1 @ 0000027c300a0cc0] libass API version: 0x1705000
[Parsed_ass_1 @ 0000027c300a0cc0] libass source: commit: 0.17.5-8-gb2fe9d8770678a7b5271387d38c20657ebf3429a
[Parsed_ass_1 @ 0000027c300a0cc0] Shaper: FriBidi 1.0.16 (SIMPLE) HarfBuzz-ng 14.4.0 (COMPLEX)
[Parsed_ass_1 @ 0000027c300a0cc0] Using font provider directwrite (with GDI)
[Parsed_ass_1 @ 0000027c300a0cc0] Added subtitle file: 'subtitles.ass' (2 styles, 8 events)
[mov,mp4,m4a,3gp,3g2,mj2 @ 0000027c300a8f00] Auto-inserting h264_mp4toannexb bitstream filter
Input #0, concat, from 'frames.txt':
  Duration: N/A, start: 0.000000, bitrate: 88 kb/s
  Stream #0:0(und): Video: h264 (High) (avc1 / 0x31637661), yuv420p(progressive), 1080x1920 [SAR 1:1 DAR 9:16], 88 kb/s, 30 fps, 30 tbr, 15360 tbn
    Metadata:
      handler_name    : VideoHandler
      encoder         : Lavc63.1.102 libx264
[aist#1:0/pcm_s16le @ 0000027c3236ec40] Guessed Channel Layout: mono
Input #1, wav, from 'render-voice.wav':
  Duration: 00:00:19.94, bitrate: 768 kb/s
  Stream #1:0: Audio: pcm_s16le ([1][0][0][0] / 0x0001), 48000 Hz, mono, s16, 768 kb/s
Stream mapping:
  Stream #0:0 (h264) -> fps:default
  Stream #1:0 (pcm_s16le) -> volume:default
  format:default -> Stream #0:0 (libx264)
  atrim:default -> Stream #0:1 (aac)
[Parsed_ass_1 @ 0000027c300ba740] libass API version: 0x1705000
[Parsed_ass_1 @ 0000027c300ba740] libass source: commit: 0.17.5-8-gb2fe9d8770678a7b5271387d38c20657ebf3429a
[Parsed_ass_1 @ 0000027c300ba740] Shaper: FriBidi 1.0.16 (SIMPLE) HarfBuzz-ng 14.4.0 (COMPLEX)
[Parsed_ass_1 @ 0000027c300ba740] Using font provider directwrite (with GDI)
[Parsed_ass_1 @ 0000027c300ba740] Added subtitle file: 'subtitles.ass' (2 styles, 8 events)
[libx264 @ 0000027c300c5f80] using SAR=1/1
[libx264 @ 0000027c300c5f80] using cpu capabilities: MMX2 SSE2Fast SSSE3 SSE4.2 AVX FMA3 BMI2 AVX2
[libx264 @ 0000027c300c5f80] profile High, level 4.0, 4:2:0, 8-bit
[libx264 @ 0000027c300c5f80] 264 - core 165 r3223 0480cb0 - H.264/MPEG-4 AVC codec - Copyleft 2003-2025 - http://www.videolan.org/x264.html - options: cabac=1 ref=1 deblock=1:0:0 analyse=0x3:0x113 me=hex subme=2 psy=1 psy_rd=1.00:0.00 mixed_ref=0 me_range=16 chroma_me=1 trellis=0 8x8dct=1 cqm=0 deadzone=21,11 fast_pskip=1 chroma_qp_offset=0 threads=18 lookahead_threads=6 sliced_threads=0 nr=0 decimate=1 interlaced=0 bluray_compat=0 constrained_intra=0 bframes=3 b_pyramid=2 b_adapt=1 b_bias=0 direct=1 weightb=1 open_gop=0 weightp=1 keyint=250 keyint_min=25 scenecut=40 intra_refresh=0 rc_lookahead=10 rc=crf mbtree=1 crf=20.0 qcomp=0.60 qpmin=0 qpmax=69 qpstep=4 ip_ratio=1.40 aq=1:1.00
Output #0, mp4, to 'final.mp4':
  Metadata:
    encoder         : Lavf63.1.102
  Stream #0:0: Video: h264 (avc1 / 0x31637661), yuv420p(tv, progressive), 1080x1920 [SAR 1:1 DAR 9:16], q=2-31, 30 fps, 15360 tbn
    Metadata:
      encoder         : Lavc63.1.102 libx264
    Side data:
      CPB properties: bitrate max/min/avg: 0/0/0 buffer size: 0 vbv_delay: N/A
  Stream #0:1: Audio: aac (LC) (mp4a / 0x6134706D), 48000 Hz, mono, fltp, 192 kb/s
    Metadata:
      encoder         : Lavc63.1.102 aac
[Parsed_ass_1 @ 0000027c300ba740] fontselect: (Arial, 400, 0) -> ArialMT, 0, ArialMT
frame=   42 fps=0.0 q=26.0 size=       0KiB time=00:00:02.68 bitrate=   0.1kbits/s speed=5.21x elapsed=0:00:00.51    [mov,mp4,m4a,3gp,3g2,mj2 @ 0000027c300a8f00] Auto-inserting h264_mp4toannexb bitstream filter
frame=   96 fps= 92 q=26.0 size=       0KiB time=00:00:04.30 bitrate=   0.1kbits/s speed=4.12x elapsed=0:00:01.04    frame=  152 fps= 97 q=26.0 size=       0KiB time=00:00:06.44 bitrate=   0.1kbits/s speed=4.09x elapsed=0:00:01.57    [mov,mp4,m4a,3gp,3g2,mj2 @ 0000027c300a8f00] Auto-inserting h264_mp4toannexb bitstream filter
frame=  228 fps=108 q=26.0 size=       0KiB time=00:00:08.83 bitrate=   0.0kbits/s speed= 4.2x elapsed=0:00:02.10    [mov,mp4,m4a,3gp,3g2,mj2 @ 0000027c300a8f00] Auto-inserting h264_mp4toannexb bitstream filter
frame=  279 fps=107 q=26.0 size=     256KiB time=00:00:10.45 bitrate= 200.7kbits/s speed=3.99x elapsed=0:00:02.61    frame=  334 fps=107 q=26.0 size=     256KiB time=00:00:12.50 bitrate= 167.8kbits/s speed=3.99x elapsed=0:00:03.13    frame=  406 fps=111 q=26.0 size=     256KiB time=00:00:14.63 bitrate= 143.3kbits/s speed=4.01x elapsed=0:00:03.65    [mov,mp4,m4a,3gp,3g2,mj2 @ 0000027c300a8f00] Auto-inserting h264_mp4toannexb bitstream filter
frame=  461 fps=110 q=26.0 size=     256KiB time=00:00:16.59 bitrate= 126.4kbits/s speed=3.98x elapsed=0:00:04.17    frame=  531 fps=113 q=26.0 size=     512KiB time=00:00:18.81 bitrate= 222.9kbits/s speed=   4x elapsed=0:00:04.69    [mp4 @ 0000027c300e5940] Starting second pass: moving the moov atom to the beginning of the file
[out#0/mp4 @ 0000027c300cba80] video:255KiB audio:358KiB subtitle:0KiB other streams:0KiB global headers:0KiB muxing overhead: 3.727470%
frame=  598 fps=121 q=-1.0 Lsize=     635KiB time=00:00:19.93 bitrate= 261.1kbits/s speed=4.03x elapsed=0:00:04.95    
[libx264 @ 0000027c300c5f80] frame I:3     Avg QP: 7.29  size: 40529
[libx264 @ 0000027c300c5f80] frame P:150   Avg QP: 9.91  size:   706
[libx264 @ 0000027c300c5f80] frame B:445   Avg QP:10.86  size:    73
[libx264 @ 0000027c300c5f80] consecutive B-frames:  0.7%  0.0%  1.0% 98.3%
[libx264 @ 0000027c300c5f80] mb I  I16..4: 90.5%  1.3%  8.2%
[libx264 @ 0000027c300c5f80] mb P  I16..4:  0.1%  0.0%  0.1%  P16..4:  0.1%  0.0%  0.0%  0.0%  0.0%    skip:99.6%
[libx264 @ 0000027c300c5f80] mb B  I16..4:  0.0%  0.0%  0.0%  B16..8:  0.1%  0.0%  0.0%  direct: 0.0%  skip:99.9%  L0:58.8% L1:41.1% BI: 0.0%
[libx264 @ 0000027c300c5f80] 8x8 transform intra:1.2% inter:3.1%
[libx264 @ 0000027c300c5f80] coded y,uvDC,uvAC intra: 9.9% 9.7% 8.2% inter: 0.0% 0.0% 0.0%
[libx264 @ 0000027c300c5f80] i16 v,h,dc,p: 86% 13%  1%  0%
[libx264 @ 0000027c300c5f80] i8 v,h,dc,ddl,ddr,vr,hd,vl,hu: 18% 25% 53%  1%  0%  0%  1%  0%  2%
[libx264 @ 0000027c300c5f80] i4 v,h,dc,ddl,ddr,vr,hd,vl,hu: 38% 18% 19%  4%  4%  5%  4%  4%  4%
[libx264 @ 0000027c300c5f80] i8c dc,h,v,p: 84% 10%  5%  1%
[libx264 @ 0000027c300c5f80] Weighted P-Frames: Y:0.0% UV:0.0%
[libx264 @ 0000027c300c5f80] kb/s:104.34
[aac @ 0000027c32380340] Qavg: 62692.602
