✔ human session header is attached without mutating caller headers (2.3237ms)
✔ missing human session fails closed (0.7342ms)
✔ formats editor timecodes and zoom deterministically (1.5826ms)
✔ labels version-bound approval and production render states (2.6535ms)
✔ labels publishing dry-run truthfully and flattens gate evidence (0.5408ms)
✔ layout failure offers an editing remedy, not a hidden text clamp (0.3458ms)
✔ snaps pointer placement to quarter seconds (0.3026ms)
✔ computes timeline clip placement and respects track compatibility (0.4049ms)
✔ labels ready, stale and running previews without overstating readiness (0.3017ms)
✔ renders analytics truth states and never turns missing metrics into zero (29.1653ms)
✔ builds a stable V2-10 metric panel from normalized nullable metrics (0.7005ms)
✔ Production Intelligence requires an explicit boolean runtime capability; missing legacy flags preserve original approval contract (2.5424ms)
✔ Real CI module boot and approval preserve Phase9 when the session has no Phase10 capability (45.6886ms)
✔ Real CI module enables Phase10 preflight only on an explicitly capable server (6.6073ms)
✔ CI keeps its original stylesheet and has no mandatory Production Intelligence module import (1.7919ms)
✔ Brief send needs explicit approval, saved edits, idle state and queue approval (1.2827ms)
✔ Brief review needs human acknowledgment and reviewer, and never uses a stale draft (0.3009ms)
✔ Regenerated candidates keep only the current generation in active selection (0.2544ms)
✔ Untrusted research renders as escaped text and links allow only public HTTPS syntax (0.439ms)
✔ storyboard source identity is explicit and never a fake analysis (1.3005ms)
✔ proposal cannot overwrite unsaved kind/script/original/facts (0.4254ms)
✔ Script-only approval is visible and leaves video production blocked (1.9605ms)
✔ Render UI requires current approval, saved edits and idle job (0.3969ms)
✔ Each scene requires one source from its project library (0.5325ms)
✔ Legacy image projects retain all scene choices without rewriting snapshot (0.2974ms)
✔ Local multi-file selection accepts only supported image and video extensions (0.3777ms)
✔ Only successful video bound to current approved version is visible (0.2803ms)
✔ Retrying job blocks editing and another render until its receipt completes (0.2305ms)
✔ Document chooser passes declared MIME while server must validate actual content (0.3688ms)
✔ Changed source needs new analysis while existing source keeps its result (0.4523ms)
✔ Video/image changes reset incompatible motion and source time (1.599ms)
✔ Final download requires a review of the same video hash and revision (0.343ms)
✔ A human opening new content from a profile starts fresh while explicit run links remain authoritative (1.8339ms)
✔ Phase10 brief approval needs exact current preflight and reasoned duplicate acknowledgment (0.2041ms)
✔ Explicit batch selections carry immutable content binding and local planning version (0.9031ms)
✔ Planning calendar keeps undated work visible and never changes underlying content (12.4405ms)
✔ Staff filters can retain archived projects explicitly without hiding current review stages (0.4228ms)
✔ Shot view retains server identities and does not invent editable state for old projects (1.7945ms)
✔ Shot mutation gates reject dirty, busy, archived and active-production projects (0.2465ms)
✔ A narration edit sends only narration and never broadens mutation scope (0.7082ms)
✔ Keyboard reorder retains every stable shot identity exactly once (0.2052ms)
✔ AI application requires current binding and a single selected-shot operation with known dependencies (0.3576ms)
✔ Silent visual proxy labels never imply voice or final acceptance (0.5013ms)
✔ Script-only review requires a saved script, reviewer and an explicit human acknowledgment (1.1509ms)
✔ Legacy current combined approval retains script authority without inventing a script-only review (0.2516ms)
✔ A preview from another revision or timeline cannot enter playback (0.2413ms)
✔ Studio final review is available only for a current approved active project render (0.366ms)
✔ The staged shell preserves every legacy native control target without duplicate identities (1.5563ms)
✔ Old native sessions never request the optional shot module or stylesheet (0.8239ms)
✔ Legacy fallback restores the original workspace without moving its render or review controls (0.3395ms)
✔ declares all eight required radar views (0.8922ms)
✔ radar view rules remain deterministic and explainable (0.1961ms)
✔ filters by view, platform and search while sorting by estimate (1.2272ms)
✔ formats scores, VND and Vietnamese lifecycle labels (23.2823ms)
ℹ tests 54
ℹ suites 0
ℹ pass 54
ℹ fail 0
ℹ cancelled 0
ℹ skipped 0
ℹ todo 0
ℹ duration_ms 252.0477
