[Parsed_ass_1 @ 000001930b0d23c0] libass API version: 0x1705000
[Parsed_ass_1 @ 000001930b0d23c0] libass source: commit: 0.17.5-8-gb2fe9d8770678a7b5271387d38c20657ebf3429a
[Parsed_ass_1 @ 000001930b0d23c0] Shaper: FriBidi 1.0.16 (SIMPLE) HarfBuzz-ng 14.4.0 (COMPLEX)
[Parsed_ass_1 @ 000001930b0d23c0] Using font provider directwrite (with GDI)
[Parsed_ass_1 @ 000001930b0d23c0] Added subtitle file: 'subtitles.ass' (2 styles, 7 events)
[mov,mp4,m4a,3gp,3g2,mj2 @ 000001930b0eca40] Auto-inserting h264_mp4toannexb bitstream filter
Input #0, concat, from 'frames.txt':
  Duration: N/A, start: 0.000000, bitrate: 78 kb/s
  Stream #0:0(und): Video: h264 (High) (avc1 / 0x31637661), yuv420p(progressive), 1080x1920 [SAR 1:1 DAR 9:16], 78 kb/s, 30 fps, 30 tbr, 15360 tbn
    Metadata:
      handler_name    : VideoHandler
      encoder         : Lavc63.1.102 libx264
[aist#1:0/pcm_s16le @ 000001930d14f180] Guessed Channel Layout: mono
Input #1, wav, from 'render-voice.wav':
  Duration: 00:00:45.00, bitrate: 768 kb/s
  Stream #1:0: Audio: pcm_s16le ([1][0][0][0] / 0x0001), 48000 Hz, mono, s16, 768 kb/s
Stream mapping:
  Stream #0:0 (h264) -> fps:default
  Stream #1:0 (pcm_s16le) -> volume:default
  format:default -> Stream #0:0 (libx264)
  atrim:default -> Stream #0:1 (aac)
[Parsed_ass_1 @ 000001930b0da7c0] libass API version: 0x1705000
[Parsed_ass_1 @ 000001930b0da7c0] libass source: commit: 0.17.5-8-gb2fe9d8770678a7b5271387d38c20657ebf3429a
[Parsed_ass_1 @ 000001930b0da7c0] Shaper: FriBidi 1.0.16 (SIMPLE) HarfBuzz-ng 14.4.0 (COMPLEX)
[Parsed_ass_1 @ 000001930b0da7c0] Using font provider directwrite (with GDI)
[Parsed_ass_1 @ 000001930b0da7c0] Added subtitle file: 'subtitles.ass' (2 styles, 7 events)
[libx264 @ 000001930d3f9040] using SAR=1/1
[libx264 @ 000001930d3f9040] using cpu capabilities: MMX2 SSE2Fast SSSE3 SSE4.2 AVX FMA3 BMI2 AVX2
[libx264 @ 000001930d3f9040] profile High, level 4.0, 4:2:0, 8-bit
[libx264 @ 000001930d3f9040] 264 - core 165 r3223 0480cb0 - H.264/MPEG-4 AVC codec - Copyleft 2003-2025 - http://www.videolan.org/x264.html - options: cabac=1 ref=1 deblock=1:0:0 analyse=0x3:0x113 me=hex subme=2 psy=1 psy_rd=1.00:0.00 mixed_ref=0 me_range=16 chroma_me=1 trellis=0 8x8dct=1 cqm=0 deadzone=21,11 fast_pskip=1 chroma_qp_offset=0 threads=18 lookahead_threads=6 sliced_threads=0 nr=0 decimate=1 interlaced=0 bluray_compat=0 constrained_intra=0 bframes=3 b_pyramid=2 b_adapt=1 b_bias=0 direct=1 weightb=1 open_gop=0 weightp=1 keyint=250 keyint_min=25 scenecut=40 intra_refresh=0 rc_lookahead=10 rc=crf mbtree=1 crf=20.0 qcomp=0.60 qpmin=0 qpmax=69 qpstep=4 ip_ratio=1.40 aq=1:1.00
Output #0, mp4, to 'final.mp4':
  Metadata:
    encoder         : Lavf63.1.102
  Stream #0:0: Video: h264 (avc1 / 0x31637661), yuv420p(tv, progressive), 1080x1920 [SAR 1:1 DAR 9:16], q=2-31, 30 fps, 15360 tbn
    Metadata:
      encoder         : Lavc63.1.102 libx264
    Side data:
      CPB properties: bitrate max/min/avg: 0/0/0 buffer size: 0 vbv_delay: N/A
  Stream #0:1: Audio: aac (LC) (mp4a / 0x6134706D), 48000 Hz, mono, fltp, 192 kb/s
    Metadata:
      encoder         : Lavc63.1.102 aac
[Parsed_ass_1 @ 000001930b0da7c0] fontselect: (Segoe UI, 400, 0) -> SegoeUI, 0, SegoeUI
[mov,mp4,m4a,3gp,3g2,mj2 @ 000001932e704240] Auto-inserting h264_mp4toannexb bitstream filter
frame=   74 fps=0.0 q=26.0 size=       0KiB time=00:00:03.79 bitrate=   0.1kbits/s speed=7.45x elapsed=0:00:00.50    frame=  190 fps=186 q=26.0 size=       0KiB time=00:00:07.63 bitrate=   0.1kbits/s speed=7.46x elapsed=0:00:01.02    [mov,mp4,m4a,3gp,3g2,mj2 @ 000001930ced3c40] Auto-inserting h264_mp4toannexb bitstream filter
frame=  305 fps=198 q=26.0 size=     256KiB time=00:00:11.47 bitrate= 182.8kbits/s speed=7.45x elapsed=0:00:01.54    [mov,mp4,m4a,3gp,3g2,mj2 @ 00000193127ced40] Auto-inserting h264_mp4toannexb bitstream filter
frame=  423 fps=205 q=26.0 size=     256KiB time=00:00:15.31 bitrate= 136.9kbits/s speed=7.44x elapsed=0:00:02.05    [mov,mp4,m4a,3gp,3g2,mj2 @ 00000193127ced40] Auto-inserting h264_mp4toannexb bitstream filter
frame=  534 fps=207 q=26.0 size=     512KiB time=00:00:19.07 bitrate= 219.9kbits/s speed=7.41x elapsed=0:00:02.57    frame=  640 fps=207 q=26.0 size=     512KiB time=00:00:22.65 bitrate= 185.1kbits/s speed=7.33x elapsed=0:00:03.08    frame=  747 fps=207 q=26.0 size=     512KiB time=00:00:26.15 bitrate= 160.4kbits/s speed=7.25x elapsed=0:00:03.60    frame=  842 fps=204 q=26.0 size=     512KiB time=00:00:29.39 bitrate= 142.7kbits/s speed=7.12x elapsed=0:00:04.12    frame=  958 fps=206 q=26.0 size=     512KiB time=00:00:33.23 bitrate= 126.2kbits/s speed=7.16x elapsed=0:00:04.64    frame= 1074 fps=208 q=26.0 size=     512KiB time=00:00:37.07 bitrate= 113.1kbits/s speed=7.19x elapsed=0:00:05.15    frame= 1191 fps=210 q=26.0 size=     512KiB time=00:00:41.17 bitrate= 101.9kbits/s speed=7.26x elapsed=0:00:05.67    frame= 1304 fps=211 q=26.0 size=     768KiB time=00:00:44.50 bitrate= 141.4kbits/s speed=7.19x elapsed=0:00:06.19    [mp4 @ 000001930d3fa200] Starting second pass: moving the moov atom to the beginning of the file
[out#0/mp4 @ 000001930b105fc0] video:427KiB audio:375KiB subtitle:0KiB other streams:0KiB global headers:0KiB muxing overhead: 6.212304%
frame= 1350 fps=215 q=-1.0 Lsize=     852KiB time=00:00:45.00 bitrate= 155.0kbits/s speed=7.16x elapsed=0:00:06.28    
[libx264 @ 000001930d3f9040] frame I:6     Avg QP: 6.77  size: 37709
[libx264 @ 000001930d3f9040] frame P:340   Avg QP:11.34  size:   409
[libx264 @ 000001930d3f9040] frame B:1004  Avg QP:10.84  size:    71
[libx264 @ 000001930d3f9040] consecutive B-frames:  0.8%  0.0%  0.2% 99.0%
[libx264 @ 000001930d3f9040] mb I  I16..4: 92.1%  1.1%  6.8%
[libx264 @ 000001930d3f9040] mb P  I16..4:  0.1%  0.0%  0.0%  P16..4:  0.1%  0.0%  0.0%  0.0%  0.0%    skip:99.7%
[libx264 @ 000001930d3f9040] mb B  I16..4:  0.0%  0.0%  0.0%  B16..8:  0.0%  0.0%  0.0%  direct: 0.0%  skip:100.0%  L0:63.8% L1:36.2% BI: 0.0%
[libx264 @ 000001930d3f9040] 8x8 transform intra:1.3% inter:2.1%
[libx264 @ 000001930d3f9040] coded y,uvDC,uvAC intra: 8.9% 8.7% 7.7% inter: 0.0% 0.0% 0.0%
[libx264 @ 000001930d3f9040] i16 v,h,dc,p: 83% 16%  1%  0%
[libx264 @ 000001930d3f9040] i8 v,h,dc,ddl,ddr,vr,hd,vl,hu: 35% 42% 19%  1%  0%  0%  0%  0%  2%
[libx264 @ 000001930d3f9040] i4 v,h,dc,ddl,ddr,vr,hd,vl,hu: 36% 19% 22%  3%  4%  5%  4%  4%  4%
[libx264 @ 000001930d3f9040] i8c dc,h,v,p: 85% 11%  4%  1%
[libx264 @ 000001930d3f9040] Weighted P-Frames: Y:0.0% UV:0.0%
[libx264 @ 000001930d3f9040] kb/s:77.57
[aac @ 000001930b11acc0] Qavg: 64814.945
