Input #0, image2, from 'C:\NPD-Video-Factory\phase10-uat\assets\9634968185b147ec8036e821c74fef68.jpg':
  Duration: 00:00:00.03, start: 0.000000, bitrate: 38613 kb/s
  Stream #0:0: Video: mjpeg (Baseline), yuvj420p(pc, bt470bg/unknown/unknown), 1080x1920 [SAR 1:1 DAR 9:16], 30 fps, 30 tbr, 30 tbn
Input #1, png_pipe, from 'scene-04.png':
  Duration: N/A, bitrate: N/A
  Stream #1:0: Video: png, rgba(pc, gbr/unknown/unknown), 1080x1920, 30 fps, 30 tbr, 30 tbn
Input #2, lavfi, from 'color=c=0x15352c:s=1080x1920:r=30':
  Duration: N/A, start: 0.000000, bitrate: N/A
  Stream #2:0: Video: wrapped_avframe, yuv420p, 1080x1920 [SAR 1:1 DAR 9:16], 30 fps, 30 tbr, 30 tbn
Stream mapping:
  Stream #0:0 (mjpeg) -> fps:default
  Stream #1:0 (png) -> overlay
  Stream #2:0 (wrapped_avframe) -> overlay
  format:default -> Stream #0:0 (libx264)
[swscaler @ 000002912f13c140] deprecated pixel format used, make sure you did set range correctly
[libx264 @ 000002912cba0780] using SAR=1/1
[libx264 @ 000002912cba0780] using cpu capabilities: MMX2 SSE2Fast SSSE3 SSE4.2 AVX FMA3 BMI2 AVX2
[libx264 @ 000002912cba0780] profile High, level 4.0, 4:2:0, 8-bit
[libx264 @ 000002912cba0780] 264 - core 165 r3223 0480cb0 - H.264/MPEG-4 AVC codec - Copyleft 2003-2025 - http://www.videolan.org/x264.html - options: cabac=1 ref=1 deblock=1:0:0 analyse=0x3:0x113 me=hex subme=2 psy=1 psy_rd=1.00:0.00 mixed_ref=0 me_range=16 chroma_me=1 trellis=0 8x8dct=1 cqm=0 deadzone=21,11 fast_pskip=1 chroma_qp_offset=0 threads=18 lookahead_threads=6 sliced_threads=0 nr=0 decimate=1 interlaced=0 bluray_compat=0 constrained_intra=0 bframes=3 b_pyramid=2 b_adapt=1 b_bias=0 direct=1 weightb=1 open_gop=0 weightp=1 keyint=250 keyint_min=25 scenecut=40 intra_refresh=0 rc_lookahead=10 rc=crf mbtree=1 crf=20.0 qcomp=0.60 qpmin=0 qpmax=69 qpstep=4 ip_ratio=1.40 aq=1:1.00
Output #0, mp4, to 'scene-04.mp4':
  Metadata:
    encoder         : Lavf63.1.102
  Stream #0:0: Video: h264 (avc1 / 0x31637661), yuv420p(tv, progressive), 1080x1920 [SAR 1:1 DAR 9:16], q=2-31, 30 fps, 15360 tbn
    Metadata:
      encoder         : Lavc63.1.102 libx264
    Side data:
      CPB properties: bitrate max/min/avg: 0/0/0 buffer size: 0 vbv_delay: N/A
frame=   17 fps=0.0 q=26.0 size=       0KiB time=00:00:00.50 bitrate=   0.8kbits/s speed=0.962x elapsed=0:00:00.51    frame=   70 fps= 68 q=26.0 size=       0KiB time=00:00:02.26 bitrate=   0.2kbits/s speed=2.19x elapsed=0:00:01.03    frame=  121 fps= 78 q=26.0 size=       0KiB time=00:00:03.96 bitrate=   0.1kbits/s speed=2.55x elapsed=0:00:01.55    frame=  166 fps= 80 q=26.0 size=       0KiB time=00:00:05.46 bitrate=   0.1kbits/s speed=2.64x elapsed=0:00:02.06    frame=  218 fps= 84 q=26.0 size=       0KiB time=00:00:07.20 bitrate=   0.1kbits/s speed=2.78x elapsed=0:00:02.58    frame=  271 fps= 87 q=26.0 size=       0KiB time=00:00:08.96 bitrate=   0.0kbits/s speed=2.89x elapsed=0:00:03.10    frame=  328 fps= 91 q=26.0 size=       0KiB time=00:00:10.86 bitrate=   0.0kbits/s speed=   3x elapsed=0:00:03.61    frame=  385 fps= 93 q=26.0 size=       0KiB time=00:00:12.76 bitrate=   0.0kbits/s speed=3.09x elapsed=0:00:04.13    frame=  440 fps= 95 q=26.0 size=       0KiB time=00:00:14.60 bitrate=   0.0kbits/s speed=3.14x elapsed=0:00:04.65    frame=  492 fps= 95 q=26.0 size=       0KiB time=00:00:16.33 bitrate=   0.0kbits/s speed=3.16x elapsed=0:00:05.16    frame=  548 fps= 96 q=26.0 size=       0KiB time=00:00:18.20 bitrate=   0.0kbits/s speed= 3.2x elapsed=0:00:05.68    frame=  607 fps= 98 q=26.0 size=       0KiB time=00:00:20.16 bitrate=   0.0kbits/s speed=3.25x elapsed=0:00:06.20    frame=  666 fps= 99 q=26.0 size=       0KiB time=00:00:22.13 bitrate=   0.0kbits/s speed=3.29x elapsed=0:00:06.72    frame=  725 fps=100 q=26.0 size=       0KiB time=00:00:24.10 bitrate=   0.0kbits/s speed=3.33x elapsed=0:00:07.23    frame=  782 fps=101 q=26.0 size=       0KiB time=00:00:26.00 bitrate=   0.0kbits/s speed=3.35x elapsed=0:00:07.75    [out#0/mp4 @ 000002912b9bf4c0] video:211KiB audio:0KiB subtitle:0KiB other streams:0KiB global headers:0KiB muxing overhead: 5.052133%
frame=  838 fps=105 q=-1.0 Lsize=     222KiB time=00:00:27.86 bitrate=  65.1kbits/s speed=3.49x elapsed=0:00:07.98    
[libx264 @ 000002912cba0780] frame I:4     Avg QP: 7.23  size: 38920
[libx264 @ 000002912cba0780] frame P:211   Avg QP: 8.49  size:    80
[libx264 @ 000002912cba0780] frame B:623   Avg QP:10.67  size:    69
[libx264 @ 000002912cba0780] consecutive B-frames:  0.8%  0.0%  0.4% 98.8%
[libx264 @ 000002912cba0780] mb I  I16..4: 92.2%  0.9%  6.9%
[libx264 @ 000002912cba0780] mb P  I16..4:  0.0%  0.0%  0.0%  P16..4:  0.0%  0.0%  0.0%  0.0%  0.0%    skip:100.0%
[libx264 @ 000002912cba0780] mb B  I16..4:  0.0%  0.0%  0.0%  B16..8:  0.0%  0.0%  0.0%  direct: 0.0%  skip:100.0%  L0: 0.0% L1:100.0% BI: 0.0%
[libx264 @ 000002912cba0780] 8x8 transform intra:0.9% inter:0.0%
[libx264 @ 000002912cba0780] coded y,uvDC,uvAC intra: 8.6% 7.3% 6.6% inter: 0.0% 0.0% 0.0%
[libx264 @ 000002912cba0780] i16 v,h,dc,p: 84% 15%  1%  0%
[libx264 @ 000002912cba0780] i8 v,h,dc,ddl,ddr,vr,hd,vl,hu: 63% 16% 18%  1%  0%  0%  0%  0%  3%
[libx264 @ 000002912cba0780] i4 v,h,dc,ddl,ddr,vr,hd,vl,hu: 35% 19% 23%  3%  4%  5%  4%  4%  4%
[libx264 @ 000002912cba0780] i8c dc,h,v,p: 88%  9%  3%  0%
[libx264 @ 000002912cba0780] Weighted P-Frames: Y:0.0% UV:0.0%
[libx264 @ 000002912cba0780] kb/s:61.66
