[Parsed_ass_1 @ 000001d013033b00] libass API version: 0x1705000
[Parsed_ass_1 @ 000001d013033b00] libass source: commit: 0.17.5-8-gb2fe9d8770678a7b5271387d38c20657ebf3429a
[Parsed_ass_1 @ 000001d013033b00] Shaper: FriBidi 1.0.16 (SIMPLE) HarfBuzz-ng 14.4.0 (COMPLEX)
[Parsed_ass_1 @ 000001d013033b00] Using font provider directwrite (with GDI)
[Parsed_ass_1 @ 000001d013033b00] Added subtitle file: 'subtitles.ass' (2 styles, 10 events)
[mov,mp4,m4a,3gp,3g2,mj2 @ 000001d013033740] Auto-inserting h264_mp4toannexb bitstream filter
Input #0, concat, from 'frames.txt':
  Duration: N/A, start: 0.000000, bitrate: 81 kb/s
  Stream #0:0(und): Video: h264 (High) (avc1 / 0x31637661), yuv420p(progressive), 1080x1920 [SAR 1:1 DAR 9:16], 81 kb/s, 30 fps, 30 tbr, 15360 tbn
    Metadata:
      handler_name    : VideoHandler
      encoder         : Lavc63.1.102 libx264
[aist#1:0/pcm_s16le @ 000001d015484980] Guessed Channel Layout: mono
Input #1, wav, from 'render-voice.wav':
  Duration: 00:00:25.67, bitrate: 768 kb/s
  Stream #1:0: Audio: pcm_s16le ([1][0][0][0] / 0x0001), 48000 Hz, mono, s16, 768 kb/s
Stream mapping:
  Stream #0:0 (h264) -> fps:default
  Stream #1:0 (pcm_s16le) -> volume:default
  format:default -> Stream #0:0 (libx264)
  atrim:default -> Stream #0:1 (aac)
[Parsed_ass_1 @ 000001d01303b880] libass API version: 0x1705000
[Parsed_ass_1 @ 000001d01303b880] libass source: commit: 0.17.5-8-gb2fe9d8770678a7b5271387d38c20657ebf3429a
[Parsed_ass_1 @ 000001d01303b880] Shaper: FriBidi 1.0.16 (SIMPLE) HarfBuzz-ng 14.4.0 (COMPLEX)
[Parsed_ass_1 @ 000001d01303b880] Using font provider directwrite (with GDI)
[Parsed_ass_1 @ 000001d01303b880] Added subtitle file: 'subtitles.ass' (2 styles, 10 events)
[libx264 @ 000001d015382640] using SAR=1/1
[libx264 @ 000001d015382640] using cpu capabilities: MMX2 SSE2Fast SSSE3 SSE4.2 AVX FMA3 BMI2 AVX2
[libx264 @ 000001d015382640] profile High, level 4.0, 4:2:0, 8-bit
[libx264 @ 000001d015382640] 264 - core 165 r3223 0480cb0 - H.264/MPEG-4 AVC codec - Copyleft 2003-2025 - http://www.videolan.org/x264.html - options: cabac=1 ref=1 deblock=1:0:0 analyse=0x3:0x113 me=hex subme=2 psy=1 psy_rd=1.00:0.00 mixed_ref=0 me_range=16 chroma_me=1 trellis=0 8x8dct=1 cqm=0 deadzone=21,11 fast_pskip=1 chroma_qp_offset=0 threads=18 lookahead_threads=6 sliced_threads=0 nr=0 decimate=1 interlaced=0 bluray_compat=0 constrained_intra=0 bframes=3 b_pyramid=2 b_adapt=1 b_bias=0 direct=1 weightb=1 open_gop=0 weightp=1 keyint=250 keyint_min=25 scenecut=40 intra_refresh=0 rc_lookahead=10 rc=crf mbtree=1 crf=20.0 qcomp=0.60 qpmin=0 qpmax=69 qpstep=4 ip_ratio=1.40 aq=1:1.00
Output #0, mp4, to 'final.mp4':
  Metadata:
    encoder         : Lavf63.1.102
  Stream #0:0: Video: h264 (avc1 / 0x31637661), yuv420p(tv, progressive), 1080x1920 [SAR 1:1 DAR 9:16], q=2-31, 30 fps, 15360 tbn
    Metadata:
      encoder         : Lavc63.1.102 libx264
    Side data:
      CPB properties: bitrate max/min/avg: 0/0/0 buffer size: 0 vbv_delay: N/A
  Stream #0:1: Audio: aac (LC) (mp4a / 0x6134706D), 48000 Hz, mono, fltp, 192 kb/s
    Metadata:
      encoder         : Lavc63.1.102 aac
[Parsed_ass_1 @ 000001d01303b880] fontselect: (Segoe UI, 400, 0) -> SegoeUI, 0, SegoeUI
frame=   65 fps=0.0 q=26.0 size=       0KiB time=00:00:03.17 bitrate=   0.1kbits/s speed=6.11x elapsed=0:00:00.52    [mov,mp4,m4a,3gp,3g2,mj2 @ 000001d015382b80] Auto-inserting h264_mp4toannexb bitstream filter
frame=  161 fps=155 q=26.0 size=       0KiB time=00:00:06.69 bitrate=   0.1kbits/s speed=6.47x elapsed=0:00:01.03    frame=  268 fps=173 q=26.0 size=     256KiB time=00:00:10.00 bitrate= 209.6kbits/s speed=6.47x elapsed=0:00:01.54    [mov,mp4,m4a,3gp,3g2,mj2 @ 000001d0173deb40] Auto-inserting h264_mp4toannexb bitstream filter
frame=  373 fps=180 q=26.0 size=     256KiB time=00:00:13.69 bitrate= 153.1kbits/s speed=6.62x elapsed=0:00:02.06    [mov,mp4,m4a,3gp,3g2,mj2 @ 000001d0366eda80] Auto-inserting h264_mp4toannexb bitstream filter
frame=  482 fps=187 q=26.0 size=     256KiB time=00:00:17.19 bitrate= 122.0kbits/s speed=6.65x elapsed=0:00:02.58    [mov,mp4,m4a,3gp,3g2,mj2 @ 000001d013077100] Auto-inserting h264_mp4toannexb bitstream filter
frame=  587 fps=189 q=26.0 size=     512KiB time=00:00:20.94 bitrate= 200.2kbits/s speed=6.75x elapsed=0:00:03.10    frame=  702 fps=194 q=26.0 size=     512KiB time=00:00:24.61 bitrate= 170.4kbits/s speed= 6.8x elapsed=0:00:03.61    [mp4 @ 000001d01515f180] Starting second pass: moving the moov atom to the beginning of the file
[out#0/mp4 @ 000001d014bd42c0] video:319KiB audio:473KiB subtitle:0KiB other streams:0KiB global headers:0KiB muxing overhead: 3.663286%
frame=  770 fps=202 q=-1.0 Lsize=     821KiB time=00:00:25.66 bitrate= 262.0kbits/s speed=6.74x elapsed=0:00:03.80    
[libx264 @ 000001d015382640] frame I:4     Avg QP: 6.96  size: 38997
[libx264 @ 000001d015382640] frame P:194   Avg QP:11.03  size:   659
[libx264 @ 000001d015382640] frame B:572   Avg QP:11.15  size:    73
[libx264 @ 000001d015382640] consecutive B-frames:  0.9%  0.0%  0.4% 98.7%
[libx264 @ 000001d015382640] mb I  I16..4: 91.9%  0.9%  7.2%
[libx264 @ 000001d015382640] mb P  I16..4:  0.1%  0.0%  0.1%  P16..4:  0.1%  0.0%  0.0%  0.0%  0.0%    skip:99.7%
[libx264 @ 000001d015382640] mb B  I16..4:  0.0%  0.0%  0.0%  B16..8:  0.0%  0.0%  0.0%  direct: 0.0%  skip:99.9%  L0:53.1% L1:46.7% BI: 0.1%
[libx264 @ 000001d015382640] 8x8 transform intra:0.9% inter:3.1%
[libx264 @ 000001d015382640] coded y,uvDC,uvAC intra: 9.2% 9.6% 8.6% inter: 0.0% 0.0% 0.0%
[libx264 @ 000001d015382640] i16 v,h,dc,p: 86% 13%  1%  0%
[libx264 @ 000001d015382640] i8 v,h,dc,ddl,ddr,vr,hd,vl,hu: 37% 27% 33%  1%  1%  0%  0%  0%  1%
[libx264 @ 000001d015382640] i4 v,h,dc,ddl,ddr,vr,hd,vl,hu: 37% 18% 22%  3%  4%  5%  4%  4%  4%
[libx264 @ 000001d015382640] i8c dc,h,v,p: 85% 11%  4%  1%
[libx264 @ 000001d015382640] Weighted P-Frames: Y:0.0% UV:0.0%
[libx264 @ 000001d015382640] kb/s:101.46
[aac @ 000001d015178180] Qavg: 62951.117
