[Parsed_ass_1 @ 000001f8d2bcfb00] libass API version: 0x1705000
[Parsed_ass_1 @ 000001f8d2bcfb00] libass source: commit: 0.17.5-8-gb2fe9d8770678a7b5271387d38c20657ebf3429a
[Parsed_ass_1 @ 000001f8d2bcfb00] Shaper: FriBidi 1.0.16 (SIMPLE) HarfBuzz-ng 14.4.0 (COMPLEX)
[Parsed_ass_1 @ 000001f8d2bcfb00] Using font provider directwrite (with GDI)
[Parsed_ass_1 @ 000001f8d2bcfb00] Added subtitle file: 'subtitles.ass' (2 styles, 5 events)
[mov,mp4,m4a,3gp,3g2,mj2 @ 000001f8d4c70780] Auto-inserting h264_mp4toannexb bitstream filter
Input #0, concat, from 'frames.txt':
  Duration: N/A, start: 0.000000, bitrate: 64 kb/s
  Stream #0:0(und): Video: h264 (High) (avc1 / 0x31637661), yuv420p(progressive), 1920x1080 [SAR 1:1 DAR 16:9], 64 kb/s, 30 fps, 30 tbr, 15360 tbn
    Metadata:
      handler_name    : VideoHandler
      encoder         : Lavc63.1.102 libx264
[aist#1:0/pcm_s16le @ 000001f8d2c9cdc0] Guessed Channel Layout: mono
Input #1, wav, from 'render-voice.wav':
  Duration: 00:00:22.94, bitrate: 768 kb/s
  Stream #1:0: Audio: pcm_s16le ([1][0][0][0] / 0x0001), 48000 Hz, mono, s16, 768 kb/s
Stream mapping:
  Stream #0:0 (h264) -> fps:default
  Stream #1:0 (pcm_s16le) -> volume:default
  format:default -> Stream #0:0 (libx264)
  atrim:default -> Stream #0:1 (aac)
[Parsed_ass_1 @ 000001f8d2bce600] libass API version: 0x1705000
[Parsed_ass_1 @ 000001f8d2bce600] libass source: commit: 0.17.5-8-gb2fe9d8770678a7b5271387d38c20657ebf3429a
[Parsed_ass_1 @ 000001f8d2bce600] Shaper: FriBidi 1.0.16 (SIMPLE) HarfBuzz-ng 14.4.0 (COMPLEX)
[Parsed_ass_1 @ 000001f8d2bce600] Using font provider directwrite (with GDI)
[Parsed_ass_1 @ 000001f8d2bce600] Added subtitle file: 'subtitles.ass' (2 styles, 5 events)
[libx264 @ 000001f8d4af05c0] using SAR=1/1
[libx264 @ 000001f8d4af05c0] using cpu capabilities: MMX2 SSE2Fast SSSE3 SSE4.2 AVX FMA3 BMI2 AVX2
[libx264 @ 000001f8d4af05c0] profile High, level 4.0, 4:2:0, 8-bit
[libx264 @ 000001f8d4af05c0] 264 - core 165 r3223 0480cb0 - H.264/MPEG-4 AVC codec - Copyleft 2003-2025 - http://www.videolan.org/x264.html - options: cabac=1 ref=1 deblock=1:0:0 analyse=0x3:0x113 me=hex subme=2 psy=1 psy_rd=1.00:0.00 mixed_ref=0 me_range=16 chroma_me=1 trellis=0 8x8dct=1 cqm=0 deadzone=21,11 fast_pskip=1 chroma_qp_offset=0 threads=18 lookahead_threads=6 sliced_threads=0 nr=0 decimate=1 interlaced=0 bluray_compat=0 constrained_intra=0 bframes=3 b_pyramid=2 b_adapt=1 b_bias=0 direct=1 weightb=1 open_gop=0 weightp=1 keyint=250 keyint_min=25 scenecut=40 intra_refresh=0 rc_lookahead=10 rc=crf mbtree=1 crf=20.0 qcomp=0.60 qpmin=0 qpmax=69 qpstep=4 ip_ratio=1.40 aq=1:1.00
Output #0, mp4, to 'final.mp4':
  Metadata:
    encoder         : Lavf63.1.102
  Stream #0:0: Video: h264 (avc1 / 0x31637661), yuv420p(tv, progressive), 1920x1080 [SAR 1:1 DAR 16:9], q=2-31, 30 fps, 15360 tbn
    Metadata:
      encoder         : Lavc63.1.102 libx264
    Side data:
      CPB properties: bitrate max/min/avg: 0/0/0 buffer size: 0 vbv_delay: N/A
  Stream #0:1: Audio: aac (LC) (mp4a / 0x6134706D), 48000 Hz, mono, fltp, 192 kb/s
    Metadata:
      encoder         : Lavc63.1.102 aac
frame=    0 fps=0.0 q=0.0 size=       0KiB time=00:00:00.64 bitrate=   0.6kbits/s speed=1.19x elapsed=0:00:00.53    [Parsed_ass_1 @ 000001f8d2bce600] fontselect: (Segoe UI, 400, 0) -> SegoeUI, 0, SegoeUI
frame=   38 fps= 36 q=26.0 size=       0KiB time=00:00:02.32 bitrate=   0.2kbits/s speed=2.21x elapsed=0:00:01.05    [mov,mp4,m4a,3gp,3g2,mj2 @ 000001f8dbf46940] Auto-inserting h264_mp4toannexb bitstream filter
frame=  125 fps= 80 q=26.0 size=       0KiB time=00:00:05.24 bitrate=   0.1kbits/s speed=3.37x elapsed=0:00:01.55    frame=  214 fps=103 q=26.0 size=       0KiB time=00:00:08.23 bitrate=   0.0kbits/s speed=3.95x elapsed=0:00:02.08    frame=  296 fps=114 q=26.0 size=     256KiB time=00:00:11.22 bitrate= 186.9kbits/s speed=4.31x elapsed=0:00:02.60    [mov,mp4,m4a,3gp,3g2,mj2 @ 000001f8dbf46940] Auto-inserting h264_mp4toannexb bitstream filter
frame=  397 fps=127 q=26.0 size=     256KiB time=00:00:14.44 bitrate= 145.2kbits/s speed=4.63x elapsed=0:00:03.12    [mov,mp4,m4a,3gp,3g2,mj2 @ 000001f8dbf46940] Auto-inserting h264_mp4toannexb bitstream filter
[mov,mp4,m4a,3gp,3g2,mj2 @ 000001f8f52706c0] Auto-inserting h264_mp4toannexb bitstream filter
frame=  513 fps=138 q=26.0 size=     512KiB time=00:00:18.19 bitrate= 230.5kbits/s speed=4.91x elapsed=0:00:03.70    frame=  610 fps=145 q=26.0 size=     512KiB time=00:00:21.46 bitrate= 195.5kbits/s speed=5.09x elapsed=0:00:04.21    [mp4 @ 000001f8d2c9cf80] Starting second pass: moving the moov atom to the beginning of the file
[out#0/mp4 @ 000001f8d4a67a80] video:256KiB audio:407KiB subtitle:0KiB other streams:0KiB global headers:0KiB muxing overhead: 3.933377%
frame=  688 fps=154 q=-1.0 Lsize=     689KiB time=00:00:22.93 bitrate= 246.0kbits/s speed=5.13x elapsed=0:00:04.47    
[libx264 @ 000001f8d4af05c0] frame I:3     Avg QP: 7.38  size: 40488
[libx264 @ 000001f8d4af05c0] frame P:173   Avg QP: 9.58  size:   595
[libx264 @ 000001f8d4af05c0] frame B:512   Avg QP:11.26  size:    72
[libx264 @ 000001f8d4af05c0] consecutive B-frames:  0.7%  0.0%  0.4% 98.8%
[libx264 @ 000001f8d4af05c0] mb I  I16..4: 91.6%  0.6%  7.8%
[libx264 @ 000001f8d4af05c0] mb P  I16..4:  0.1%  0.0%  0.1%  P16..4:  0.1%  0.0%  0.0%  0.0%  0.0%    skip:99.7%
[libx264 @ 000001f8d4af05c0] mb B  I16..4:  0.0%  0.0%  0.0%  B16..8:  0.1%  0.0%  0.0%  direct: 0.0%  skip:99.9%  L0:66.6% L1:33.3% BI: 0.0%
[libx264 @ 000001f8d4af05c0] 8x8 transform intra:0.6% inter:3.2%
[libx264 @ 000001f8d4af05c0] coded y,uvDC,uvAC intra: 9.0% 10.3% 9.4% inter: 0.0% 0.0% 0.0%
[libx264 @ 000001f8d4af05c0] i16 v,h,dc,p: 87% 12%  2%  0%
[libx264 @ 000001f8d4af05c0] i8 v,h,dc,ddl,ddr,vr,hd,vl,hu: 64% 19% 16%  0%  0%  0%  0%  0%  1%
[libx264 @ 000001f8d4af05c0] i4 v,h,dc,ddl,ddr,vr,hd,vl,hu: 42% 18% 17%  3%  4%  5%  4%  4%  4%
[libx264 @ 000001f8d4af05c0] i8c dc,h,v,p: 79% 17%  3%  1%
[libx264 @ 000001f8d4af05c0] Weighted P-Frames: Y:0.0% UV:0.0%
[libx264 @ 000001f8d4af05c0] kb/s:91.04
[aac @ 000001f8d4982ac0] Qavg: 64207.094
