Input #0, image2, from 'C:\NPD-Video-Factory\phase10-uat\assets\02ec582e829f4feb924d17861cde53b8.jpg':
  Duration: 00:00:00.03, start: 0.000000, bitrate: 35417 kb/s
  Stream #0:0: Video: mjpeg (Baseline), yuvj420p(pc, bt470bg/unknown/unknown), 1920x1080 [SAR 1:1 DAR 16:9], 30 fps, 30 tbr, 30 tbn
Input #1, png_pipe, from 'scene-00.png':
  Duration: N/A, bitrate: N/A
  Stream #1:0: Video: png, rgba(pc, gbr/unknown/unknown), 1920x1080, 30 fps, 30 tbr, 30 tbn
Input #2, lavfi, from 'color=c=0x15352c:s=1920x1080:r=30':
  Duration: N/A, start: 0.000000, bitrate: N/A
  Stream #2:0: Video: wrapped_avframe, yuv420p, 1920x1080 [SAR 1:1 DAR 16:9], 30 fps, 30 tbr, 30 tbn
Stream mapping:
  Stream #0:0 (mjpeg) -> fps:default
  Stream #1:0 (png) -> overlay
  Stream #2:0 (wrapped_avframe) -> overlay
  format:default -> Stream #0:0 (libx264)
[swscaler @ 0000023ea8a33040] deprecated pixel format used, make sure you did set range correctly
[libx264 @ 0000023ea86ea280] using SAR=1/1
[libx264 @ 0000023ea86ea280] using cpu capabilities: MMX2 SSE2Fast SSSE3 SSE4.2 AVX FMA3 BMI2 AVX2
[libx264 @ 0000023ea86ea280] profile High, level 4.0, 4:2:0, 8-bit
[libx264 @ 0000023ea86ea280] 264 - core 165 r3223 0480cb0 - H.264/MPEG-4 AVC codec - Copyleft 2003-2025 - http://www.videolan.org/x264.html - options: cabac=1 ref=1 deblock=1:0:0 analyse=0x3:0x113 me=hex subme=2 psy=1 psy_rd=1.00:0.00 mixed_ref=0 me_range=16 chroma_me=1 trellis=0 8x8dct=1 cqm=0 deadzone=21,11 fast_pskip=1 chroma_qp_offset=0 threads=18 lookahead_threads=6 sliced_threads=0 nr=0 decimate=1 interlaced=0 bluray_compat=0 constrained_intra=0 bframes=3 b_pyramid=2 b_adapt=1 b_bias=0 direct=1 weightb=1 open_gop=0 weightp=1 keyint=250 keyint_min=25 scenecut=40 intra_refresh=0 rc_lookahead=10 rc=crf mbtree=1 crf=20.0 qcomp=0.60 qpmin=0 qpmax=69 qpstep=4 ip_ratio=1.40 aq=1:1.00
Output #0, mp4, to 'scene-00.mp4':
  Metadata:
    encoder         : Lavf63.1.102
  Stream #0:0: Video: h264 (avc1 / 0x31637661), yuv420p(tv, progressive), 1920x1080 [SAR 1:1 DAR 16:9], q=2-31, 30 fps, 15360 tbn
    Metadata:
      encoder         : Lavc63.1.102 libx264
    Side data:
      CPB properties: bitrate max/min/avg: 0/0/0 buffer size: 0 vbv_delay: N/A
frame=    0 fps=0.0 q=0.0 size=       0KiB time=N/A bitrate=N/A speed=N/A elapsed=0:00:00.51    frame=   17 fps= 17 q=26.0 size=       0KiB time=00:00:00.50 bitrate=   0.8kbits/s speed=0.486x elapsed=0:00:01.02    frame=   48 fps= 31 q=26.0 size=       0KiB time=00:00:01.53 bitrate=   0.3kbits/s speed=0.991x elapsed=0:00:01.54    frame=   78 fps= 38 q=26.0 size=       0KiB time=00:00:02.53 bitrate=   0.2kbits/s speed=1.23x elapsed=0:00:02.06    frame=  107 fps= 42 q=26.0 size=       0KiB time=00:00:03.50 bitrate=   0.1kbits/s speed=1.36x elapsed=0:00:02.57    [out#0/mp4 @ 0000023ea55b6980] video:40KiB audio:0KiB subtitle:0KiB other streams:0KiB global headers:0KiB muxing overhead: 6.580298%
frame=  152 fps= 53 q=-1.0 Lsize=      43KiB time=00:00:05.00 bitrate=  69.8kbits/s speed=1.74x elapsed=0:00:02.87    
[libx264 @ 0000023ea86ea280] frame I:1     Avg QP: 9.60  size: 28871
[libx264 @ 0000023ea86ea280] frame P:38    Avg QP:12.07  size:    89
[libx264 @ 0000023ea86ea280] frame B:113   Avg QP:13.27  size:    71
[libx264 @ 0000023ea86ea280] consecutive B-frames:  0.7%  0.0%  2.0% 97.4%
[libx264 @ 0000023ea86ea280] mb I  I16..4: 93.7%  0.2%  6.0%
[libx264 @ 0000023ea86ea280] mb P  I16..4:  0.0%  0.0%  0.0%  P16..4:  0.0%  0.0%  0.0%  0.0%  0.0%    skip:100.0%
[libx264 @ 0000023ea86ea280] mb B  I16..4:  0.0%  0.0%  0.0%  B16..8:  0.0%  0.0%  0.0%  direct: 0.0%  skip:100.0%  L0: 0.0% L1:100.0% BI: 0.0%
[libx264 @ 0000023ea86ea280] 8x8 transform intra:0.2% inter:0.0%
[libx264 @ 0000023ea86ea280] coded y,uvDC,uvAC intra: 4.9% 5.8% 4.7% inter: 0.0% 0.0% 0.0%
[libx264 @ 0000023ea86ea280] i16 v,h,dc,p: 86% 13%  2%  0%
[libx264 @ 0000023ea86ea280] i8 v,h,dc,ddl,ddr,vr,hd,vl,hu: 56% 18% 26%  0%  0%  0%  0%  0%  0%
[libx264 @ 0000023ea86ea280] i4 v,h,dc,ddl,ddr,vr,hd,vl,hu: 41% 21% 17%  3%  4%  4%  4%  3%  4%
[libx264 @ 0000023ea86ea280] i8c dc,h,v,p: 82% 16%  2%  0%
[libx264 @ 0000023ea86ea280] Weighted P-Frames: Y:0.0% UV:0.0%
[libx264 @ 0000023ea86ea280] kb/s:63.51
